
> examepad-saas-prova-digital@1.0.1 test
> vitest realDataFlow.test.ts


[1m[44m DEV [49m[22m [34mv4.0.16 [39m[90mC:/Users/miche/Downloads/examepad-saas-prova-digital[39m

[90mstdout[2m | services/realDataFlow.test.ts
[22m[39m­ƒöº Supabase Config: {
  url: [32m'https://donwkyyrqydogtgyzcar.supabase.co'[39m,
  keyPresent: [33mtrue[39m,
  keyLength: [33m208[39m,
  keyPrefix: [32m'eyJhbGciOi...'[39m,
  env: [32m'test'[39m
}
Ô£à Criando cliente Supabase para: https://donwkyyrqydogtgyzcar.supabase.co

[90mstdout[2m | services/realDataFlow.test.ts[2m > [22m[2mReal Data Flow (Supabase Write/Read)[2m > [22m[2mdeve gravar e ler um item real no banco
[22m[39m­ƒôØ Tentando gravar item de teste: c5e005a2-2581-4050-82a5-91040edd5759

stderr | services/realDataFlow.test.ts > Real Data Flow (Supabase Write/Read) > deve gravar e ler um item real no banco
ÔØî Erro na grava├º├úo: Could not find the 'knowledge_area' column of 'items' in the schema cache

 [31mÔØ»[39m services/realDataFlow.test.ts [2m([22m[2m1 test[22m[2m | [22m[31m1 failed[39m[2m)[22m[32m 167[2mms[22m[39m
[31m     [31m├ù[31m deve gravar e ler um item real no banco[39m[32m 165[2mms[22m[39m

ÔÄ»ÔÄ»ÔÄ»ÔÄ»ÔÄ»ÔÄ»ÔÄ» Failed Tests 1 ÔÄ»ÔÄ»ÔÄ»ÔÄ»ÔÄ»ÔÄ»ÔÄ»

 FAIL  services/realDataFlow.test.ts > Real Data Flow (Supabase Write/Read) > deve gravar e ler um item real no banco
AssertionError: expected { code: 'PGRST204', ÔÇª(3) } to be null

- Expected: 
null

+ Received: 
{
  "code": "PGRST204",
  "details": null,
  "hint": null,
  "message": "Could not find the 'knowledge_area' column of 'items' in the schema cache",
}

 ÔØ» services/realDataFlow.test.ts:36:27
     34|             console.error('ÔØî Erro na grava├º├úo:', saveError.message);
     35|         }
     36|         expect(saveError).toBeNull();
       |                           ^
     37|         console.log('Ô£à Grava├º├úo conclu├¡da com sucesso!');
     38| 

ÔÄ»ÔÄ»ÔÄ»ÔÄ»ÔÄ»ÔÄ»ÔÄ»ÔÄ»ÔÄ»ÔÄ»ÔÄ»ÔÄ»ÔÄ»ÔÄ»ÔÄ»ÔÄ»ÔÄ»ÔÄ»ÔÄ»ÔÄ»ÔÄ»ÔÄ»ÔÄ»ÔÄ»[1/1]ÔÄ»


[2m Test Files [22m [1m[31m1 failed[39m[22m[90m (1)[39m
[2m      Tests [22m [1m[31m1 failed[39m[22m[90m (1)[39m
[2m   Start at [22m 20:36:20
[2m   Duration [22m 3.32s[2m (transform 540ms, setup 750ms, import 350ms, tests 167ms, environment 1.72s)[22m

[1m[41m FAIL [49m[22m [31mTests failed. Watching for file changes...[39m
       [2mpress [22m[1mh[22m[2m to show help[22m[2m, [22m[2mpress [22m[1mq[22m[2m to quit[22m
c[3J[1m[44m RERUN [49m[22m [34m[2mservices/realDataFlow.test.ts [22m[34mx1 [34m[39m
       [2m Filename pattern: [22m[34mrealDataFlow.test.ts[39m

[90mstdout[2m | services/realDataFlow.test.ts
[22m[39m­ƒöº Supabase Config: {
  url: [32m'https://donwkyyrqydogtgyzcar.supabase.co'[39m,
  keyPresent: [33mtrue[39m,
  keyLength: [33m208[39m,
  keyPrefix: [32m'eyJhbGciOi...'[39m,
  env: [32m'test'[39m
}
Ô£à Criando cliente Supabase para: https://donwkyyrqydogtgyzcar.supabase.co

[90mstdout[2m | services/realDataFlow.test.ts[2m > [22m[2mReal Data Flow (Supabase Write/Read)[2m > [22m[2mdeve gravar e ler um item real no banco
[22m[39m­ƒôØ Tentando gravar item de teste: dc536464-60fb-4a74-8564-b609524809d1

stderr | services/realDataFlow.test.ts > Real Data Flow (Supabase Write/Read) > deve gravar e ler um item real no banco
ÔØî Erro na grava├º├úo: Could not find the 'owner_id' column of 'items' in the schema cache

 [31mÔØ»[39m services/realDataFlow.test.ts [2m([22m[2m1 test[22m[2m | [22m[31m1 failed[39m[2m)[22m[33m 428[2mms[22m[39m
[31m     [31m├ù[31m deve gravar e ler um item real no banco[39m[33m 423[2mms[22m[39m

ÔÄ»ÔÄ»ÔÄ»ÔÄ»ÔÄ»ÔÄ»ÔÄ» Failed Tests 1 ÔÄ»ÔÄ»ÔÄ»ÔÄ»ÔÄ»ÔÄ»ÔÄ»

 FAIL  services/realDataFlow.test.ts > Real Data Flow (Supabase Write/Read) > deve gravar e ler um item real no banco
AssertionError: expected { code: 'PGRST204', ÔÇª(3) } to be null

- Expected: 
null

+ Received: 
{
  "code": "PGRST204",
  "details": null,
  "hint": null,
  "message": "Could not find the 'owner_id' column of 'items' in the schema cache",
}

 ÔØ» services/realDataFlow.test.ts:33:27
     31|             console.error('ÔØî Erro na grava├º├úo:', saveError.message);
     32|         }
     33|         expect(saveError).toBeNull();
       |                           ^
     34|         console.log('Ô£à Grava├º├úo conclu├¡da com sucesso!');
     35| 

ÔÄ»ÔÄ»ÔÄ»ÔÄ»ÔÄ»ÔÄ»ÔÄ»ÔÄ»ÔÄ»ÔÄ»ÔÄ»ÔÄ»ÔÄ»ÔÄ»ÔÄ»ÔÄ»ÔÄ»ÔÄ»ÔÄ»ÔÄ»ÔÄ»ÔÄ»ÔÄ»ÔÄ»[1/1]ÔÄ»


[2m Test Files [22m [1m[31m1 failed[39m[22m[90m (1)[39m
[2m      Tests [22m [1m[31m1 failed[39m[22m[90m (1)[39m
[2m   Start at [22m 20:37:14
[2m   Duration [22m 1.13s

[1m[41m FAIL [49m[22m [31mTests failed. Watching for file changes...[39m
       [2mpress [22m[1mh[22m[2m to show help[22m[2m, [22m[2mpress [22m[1mq[22m[2m to quit[22m
c[3J[1m[44m RERUN [49m[22m [34m[2mservices/realDataFlow.test.ts [22m[34mx2 [34m[39m
       [2m Filename pattern: [22m[34mrealDataFlow.test.ts[39m

[90mstdout[2m | services/realDataFlow.test.ts
[22m[39m­ƒöº Supabase Config: {
  url: [32m'https://donwkyyrqydogtgyzcar.supabase.co'[39m,
  keyPresent: [33mtrue[39m,
  keyLength: [33m208[39m,
  keyPrefix: [32m'eyJhbGciOi...'[39m,
  env: [32m'test'[39m
}
Ô£à Criando cliente Supabase para: https://donwkyyrqydogtgyzcar.supabase.co

[90mstdout[2m | services/realDataFlow.test.ts[2m > [22m[2mReal Data Flow (Supabase Write/Read)[2m > [22m[2mdeve gravar e ler um item real no banco
[22m[39m­ƒôØ Tentando gravar item de teste: bbfffbe7-8429-4e44-b2d8-cc5264ec6834

[90mstdout[2m | services/realDataFlow.test.ts[2m > [22m[2mReal Data Flow (Supabase Write/Read)[2m > [22m[2mdeve gravar e ler um item real no banco
[22m[39mÔ£à Grava├º├úo conclu├¡da com sucesso!
­ƒöì Buscando item gravado...

[90mstdout[2m | services/realDataFlow.test.ts[2m > [22m[2mReal Data Flow (Supabase Write/Read)[2m > [22m[2mdeve gravar e ler um item real no banco
[22m[39mÔ£à Leitura validada! Dado coincide.
­ƒùæ´©Å Removendo item de teste...

[90mstdout[2m | services/realDataFlow.test.ts[2m > [22m[2mReal Data Flow (Supabase Write/Read)[2m > [22m[2mdeve gravar e ler um item real no banco
[22m[39mÔ£à Cleanup finalizado!

 [32mÔ£ô[39m services/realDataFlow.test.ts [2m([22m[2m1 test[22m[2m)[22m[33m 726[2mms[22m[39m
     [33m[2mÔ£ô[22m[39m deve gravar e ler um item real no banco [33m 718[2mms[22m[39m

[2m Test Files [22m [1m[32m1 passed[39m[22m[90m (1)[39m
[2m      Tests [22m [1m[32m1 passed[39m[22m[90m (1)[39m
[2m   Start at [22m 20:40:24
[2m   Duration [22m 1.27s

[1m[42m PASS [49m[22m [32mWaiting for file changes...[39m
       [2mpress [22m[1mh[22m[2m to show help[22m[2m, [22m[2mpress [22m[1mq[22m[2m to quit[22m
[33mTest removed...[39m[2m [ services/realDataFlow.test.ts ]
[22m
