App.test.tsx(34,17): error TS2367: This comparison appears to be unintentional because the types '"/"' and '"/login"' have no overlap.
App.test.tsx(75,17): error TS2367: This comparison appears to be unintentional because the types '"/login"' and '"/"' have no overlap.
App.test.tsx(104,32): error TS2367: This comparison appears to be unintentional because the types '"PROFESSOR"' and '"ALUNO"' have no overlap.
App_new.tsx(3,23): error TS2307: Cannot find module './AppRoutes' or its corresponding type declarations.
components/OnlineExam/OnlineExamRunner.test.tsx(62,48): error TS2339: Property 'toBeInTheDocument' does not exist on type 'Assertion<HTMLElement>'.
components/OnlineExam/OnlineExamRunner.test.tsx(63,43): error TS2339: Property 'toBeInTheDocument' does not exist on type 'Assertion<HTMLElement>'.
components/OnlineExam/OnlineExamRunner.test.tsx(77,42): error TS2339: Property 'toBeInTheDocument' does not exist on type 'Assertion<HTMLElement>'.
components/OnlineExam/OnlineExamRunner.test.tsx(83,42): error TS2339: Property 'toBeInTheDocument' does not exist on type 'Assertion<HTMLElement>'.
components/OnlineExam/OnlineExamRunner.tsx(164,72): error TS2304: Cannot find name 'getThemeClasses'.
components/OnlineExam/OnlineExamRunner.tsx(164,114): error TS2304: Cannot find name 'containerStyle'.
components/OnlineExam/OnlineExamRunner.tsx(220,52): error TS2304: Cannot find name 'handleAnswer'.
components/RiskManagement/RiskDashboard.tsx(367,33): error TS2322: Type '{ key: any; assessment: any; isExpanded: boolean; onToggle: () => any; }' is not assignable to type '{ assessment: RiskAssessment; isExpanded: boolean; onToggle: () => void; }'.
  Property 'key' does not exist on type '{ assessment: RiskAssessment; isExpanded: boolean; onToggle: () => void; }'.
components/TabletApp/CoordinatorApp.tsx(71,48): error TS2554: Expected 0 arguments, but got 1.
components/TabletApp/CoordinatorApp.tsx(81,26): error TS2339: Property 'keyMaterial' does not exist on type 'JsonWebKey'.
hooks/usePermissions.ts(17,21): error TS2339: Property 'disabledFeatures' does not exist on type 'Tenant'.
hooks/useProctoring.ts(21,11): error TS2339: Property 'broadcastEvent' does not exist on type '{ items: Item[]; exams: Exam[]; students: Student[]; schools: School[]; classes: SchoolClass[]; users: User[]; tenants: Tenant[]; results: ExamResult[]; ... 100 more ...; addExamVersion: (version: ExamVersion) => Promise<...>; }'.
hooks/useProctoring.ts(64,54): error TS2345: Argument of type '"FOCUS_GAINED"' is not assignable to parameter of type '"FOCUS_LOST" | "ALT_TAB" | "FULLSCREEN_EXIT" | "KEYBOARD_VIOLATION" | "MOUSE_VIOLATION"'.
hooks/useProctoring.ts(114,9): error TS2367: This comparison appears to be unintentional because the types '"FOCUS_LOST" | "ALT_TAB" | "FULLSCREEN_EXIT" | "KEYBOARD_VIOLATION" | "MOUSE_VIOLATION"' and '"FOCUS_GAINED"' have no overlap.
services/recommendationService.ts(1,51): error TS2305: Module '"../types"' has no exported member 'Question'.
services/recommendationService.ts(54,17): error TS2353: Object literal may only specify known properties, and 'id' does not exist in type 'RecommendedItem'.
services/recommendationService.ts(79,9): error TS2353: Object literal may only specify known properties, and 'id' does not exist in type 'RecommendedItem'.
services/validateRiskEngine.ts(8,51): error TS2459: Module '"./riskDetectionEngine"' declares 'RiskLevel' locally, but it is not exported.
services/validateRiskEngine.ts(22,47): error TS2345: Argument of type 'string' is not assignable to parameter of type 'Student'.
supabase/functions/grade-exam/index.ts(2,23): error TS2307: Cannot find module 'https://deno.land/std@0.168.0/http/server.ts' or its corresponding type declarations.
supabase/functions/grade-exam/index.ts(3,30): error TS2307: Cannot find module 'https://esm.sh/@supabase/supabase-js@2' or its corresponding type declarations.
supabase/functions/grade-exam/index.ts(13,9): error TS2304: Cannot find name 'Deno'.
supabase/functions/grade-exam/index.ts(14,9): error TS2304: Cannot find name 'Deno'.
tests/security.test.ts(66,34): error TS2339: Property 'length' does not exist on type 'never'.
utils/mockData.ts(6,3): error TS2739: Type '{ id: string; name: string; type: TenantType.PUBLIC_MUNICIPAL; cnpj: string; }' is missing the following properties from type 'Tenant': features, createdAt
utils/mockData.ts(7,3): error TS2739: Type '{ id: string; name: string; type: TenantType.PUBLIC_STATE; cnpj: string; }' is missing the following properties from type 'Tenant': features, createdAt
utils/mockData.ts(8,3): error TS2739: Type '{ id: string; name: string; type: TenantType.PUBLIC_FEDERAL; cnpj: string; }' is missing the following properties from type 'Tenant': features, createdAt
utils/mockData.ts(9,3): error TS2739: Type '{ id: string; name: string; type: TenantType.PRIVATE; cnpj: string; }' is missing the following properties from type 'Tenant': features, createdAt
utils/mockData.ts(90,3): error TS2741: Property 'maxScore' is missing in type '{ id: string; tenantId: string; schoolId: string; creatorId: string; title: string; subject: string; model: ExamModel.SOMATIVO; durationMinutes: number; targetQuestionCount: number; status: ExamStatus.PUBLISHED; items: { ...; }[]; classIds: string[]; createdAt: string; scheduledDate: string; }' but required in type 'Exam'.
utils/mockData.ts(95,3): error TS2741: Property 'maxScore' is missing in type '{ id: string; tenantId: string; schoolId: string; creatorId: string; title: string; subject: string; model: ExamModel.SOMATIVO; durationMinutes: number; targetQuestionCount: number; status: ExamStatus.PUBLISHED; items: undefined[]; classIds: string[]; createdAt: string; scheduledDate: string; }' but required in type 'Exam'.
utils/mockData.ts(101,3): error TS2741: Property 'maxScore' is missing in type '{ id: string; tenantId: string; schoolId: string; creatorId: string; title: string; subject: string; model: ExamModel.SOMATIVO; durationMinutes: number; targetQuestionCount: number; status: ExamStatus.PUBLISHED; items: undefined[]; classIds: string[]; createdAt: string; scheduledDate: string; }' but required in type 'Exam'.
